exports[`Containers should map BeerPage actions to props 1`] = `
Object {
  "addBeer": [Function],
  "addBeerSuccess": [Function],
  "beerError": [Function],
  "closeModal": [Function],
  "fetchBeer": [Function],
  "fetchBeerSuccess": [Function],
  "openModal": [Function],
  "removeBeer": [Function],
  "removeBeerSuccess": [Function],
}
`;

exports[`Containers should map BeerPage state to props 1`] = `
Object {
  "beer": Object {},
  "beerList": Array [],
  "body": "",
  "callback": null,
  "error": null,
  "extraParams": Object {},
  "loading": false,
  "open": false,
  "title": "",
}
`;
